// Jest Snapshot v1, https://goo.gl/fbAQLP

exports[`<Main /> should render the heading 1`] = `
<main
  class="styles__Wrapper-sc-dzx1ao-0 jTzoJi"
>
  <img
    alt="Imagem de um átomo e React Avançado escrito ao lado."
    class="styles__Logo-sc-dzx1ao-1 dwiHcF"
    src="/img/logo.svg"
  />
  <h1
    class="styles__Title-sc-dzx1ao-2 hBQRUr"
  >
    React Teste
  </h1>
  <h2
    class="styles__Description-sc-dzx1ao-3 cWfoFI"
  >
    Bacon ipsum dolor amet fatback boudin kevin shankle tri-tip meatloaf.
  </h2>
  <img
    alt="Um desenvolvedor de frente para tela com algoritmos"
    class="styles__Illustration-sc-dzx1ao-4 dbHwHR"
    src="/img/hero-illustration.svg"
  />
</main>
`
